[brakt-demo3.blogspot.com/index.html]
[backblue.gif]
[fade.gif]
[index.html]
[brakt-demo3.blogspot.com/favicon.ico]
[brakt-demo3.blogspot.com/feeds/posts/default]
[brakt-demo3.blogspot.com/feeds/posts/default9522]
[3.bp.blogspot.com/-x-XPNSz2FKQ/WDmkagdc-2I/AAAAAAAAAVU/FygEdAB4RnM_FsxRPVL-_K7NfRH6E8KIgCLcB/s1600/menu-icon.png]
[3.bp.blogspot.com/-cu7Qzhf0-_M/WRcn-lMvThI/AAAAAAAAAqU/087bwjT73jAGyBSPh007SVB7PF9GJbxdACLcB/s1600/588a64e7d06f6719692a2d11.png]
[2.bp.blogspot.com/-Hl9-Lzqns3I/V3SyHATylXI/AAAAAAAAALo/reGirn_xSjMsNbiiOR3Z8Sxx2pTsz2vPQCLcB/s1600/blockquote.png]
[netdna.bootstrapcdn.com/font-awesome/4.7.0/css/font-awesome.css]
[ajax.googleapis.com/ajax/libs/jquery/1.11.1/jquery.min.js]
[1.bp.blogspot.com/-QdBsPuYHQM4/XYun16qefyI/AAAAAAAABcI/jvVTimabVCg4bAJtDekuk6dykyixfLO4QCLcBGAsYHQ/s1600/no-img.jpg]
[brakt-demo3.blogspot.com/s72-c/index.html]
[3.bp.blogspot.com/-fgwrcZWeRrU/V26tvNcGtsI/AAAAAAAAAG4/lGwGnQDZsNY7bAPr8hVorZruD-jHHxxOgCLcB/s50/anonyme.jpg]
[brakt-demo3.blogspot.com/default.b.delayed]
[brakt-demo3.blogspot.com/hqdefault.c.delayed]
[brakt-demo3.blogspot.com/404.e.delayed]
[4.bp.blogspot.com/-iJyX-I0Ye2w/XYu_PAjeoNI/AAAAAAAABc8/eA1im9wbIOcLaE4xf4JCcpDTzIiajCnewCK4BGAYYCw/s1600/brakt-logo-4.png]
[brakt-demo3.blogspot.com/search/label/Travel.html]
[brakt-demo3.blogspot.com/search/label/life style.html]
[brakt-demo3.blogspot.com/2016_11_01_archive.html]
[brakt-demo3.blogspot.com/p/simple-page.html]
[brakt-demo3.blogspot.com/p/full-width-page.html]
[brakt-demo3.blogspot.com/p/typography.html]
[brakt-demo3.blogspot.com/p/shortcodes.html]
[brakt-demo3.blogspot.com/mega/index.html]
[brakt-demo3.blogspot.com/search/label/index.html]
[brakt-demo3.blogspot.com/mqdefault.17.delayed]
[1.bp.blogspot.com/-VolWPtBbzyI/XYvFWsIq-LI/AAAAAAAABdo/WWF9n2FHWZctHjT5Mp_MbxNXjwKZCDMZwCLcBGAsYHQ/s1600/elizeu-dias-eHSQQOe_tYM-unsplash.jpg]
[2.bp.blogspot.com/-ExmXjERXC38/XYn0SLHWdpI/AAAAAAAABbk/KjTwYXbHs74nihAEiGFX0du918AjzRaZwCK4BGAYYCw/s220/mixtheme-logo.png]
[brakt-demo3.blogspot.com/2016/11/person-wearing-black-hoodie-sitting-on.html]
[brakt-demo3.blogspot.com/search/label/Men.html]
[brakt-demo3.blogspot.com/2016/11/woman-with-black-textil-and-green-eyes.html]
[1.bp.blogspot.com/-MEFfynbiKcE/WLaYbBhFAHI/AAAAAAAAAUs/NWSTuxc0rxUxGQqp4-JCbVesFGT0Qv7FACLcB/s1600/pexels-photo-87293.jpeg]
[brakt-demo3.blogspot.com/search/label/Art.html]
[brakt-demo3.blogspot.com/2016/11/green-leaf-plant-on-brown-wooden-stump.html]
[2.bp.blogspot.com/-IGWs-p9SO4U/WLaY86WfnvI/AAAAAAAAAUw/ik99BFLZFM8SZptsQ_RKEq2kkZqWJ3VrACLcB/s1600/pexels-photo-129743.jpeg]
[brakt-demo3.blogspot.com/search/label/Nature.html]
[brakt-demo3.blogspot.com/2016/11/man-wearing-brown-crew-neck-t-shirt.html]
[3.bp.blogspot.com/-fPSXNszzmfg/WLaZa1-Oa6I/AAAAAAAAAU4/_fAuTdY1izUQsGsA7__behfgNJJuQ69awCLcB/s1600/pexels-photo-110055.jpeg]
[brakt-demo3.blogspot.com/2016/11/amazing-breakfast-in-morning.html]
[4.bp.blogspot.com/-zYYedq1t_uc/WLaaPIAVRII/AAAAAAAAAVE/fT7EbpAubJM39Kx0-bN-hZoZ0dUmsOXZACLcB/s1600/food-salad-restaurant-person.jpg]
[brakt-demo3.blogspot.com/search/label/Food.html]
[brakt-demo3.blogspot.com/2016/11/person-wearing-yellow-hoodie-jacket.html]
[4.bp.blogspot.com/-nnvxOXhQcaY/WLabiLmIYaI/AAAAAAAAAVU/p7uFKTdZAQYm1phraafvksSxsAF3Yx9jACLcB/s1600/pexels-photo-24992.jpg]
[brakt-demo3.blogspot.com/2016/11/half-sliced-kiwi-beside-half-sliced.html]
[4.bp.blogspot.com/-9TMg2rYcKw4/WLaeBQ4lluI/AAAAAAAAAVs/m2zJeMCe6kwdHIPlnL52L1wvAw0RWl5eQCLcB/s1600/pexels-photo.jpeg]
[brakt-demo3.blogspot.com/2016/11/portrait-of-young-woman-with-umbrella.html]
[3.bp.blogspot.com/-9jMTB9fFCUA/WLadFSAMTUI/AAAAAAAAAVk/rhFUFD8fwnUEn266Vhjhb6UfSbGvuPjDgCLcB/s1600/pexels-photo-247199.jpeg]
[brakt-demo3.blogspot.com/search/label/Girls.html]
[brakt-demo3.blogspot.com/searchae33.html]
[4.bp.blogspot.com/-sSzS5V_dj6M/WLakvA-XOBI/AAAAAAAAAWY/N_HcwtUiwG8BdkBASsuBEMzPioV4In2jgCK4B/s1600/pexels-photo-25090.jpg]
[4.bp.blogspot.com/-QuF9A7mCbEA/WLakoqqxFSI/AAAAAAAAAWQ/AQDCM_5mx44cqNRePP0kSs3E45wJQtdsgCK4B/s1600/person.jpg]
[resources.blogblog.com/img/icon18_wrench_allbkg.png]
[1.bp.blogspot.com/-VolWPtBbzyI/XYvFWsIq-LI/AAAAAAAABdo/WWF9n2FHWZctHjT5Mp_MbxNXjwKZCDMZwCLcBGAsYHQ/w72-h72-p-k-no-nu/elizeu-dias-eHSQQOe_tYM-unsplash.jpg]
[1.bp.blogspot.com/-MEFfynbiKcE/WLaYbBhFAHI/AAAAAAAAAUs/NWSTuxc0rxUxGQqp4-JCbVesFGT0Qv7FACLcB/w72-h72-p-k-no-nu/pexels-photo-87293.jpeg]
[2.bp.blogspot.com/-IGWs-p9SO4U/WLaY86WfnvI/AAAAAAAAAUw/ik99BFLZFM8SZptsQ_RKEq2kkZqWJ3VrACLcB/w72-h72-p-k-no-nu/pexels-photo-129743.jpeg]
[brakt-demo3.blogspot.com/p/shortcodes_1.html]
[brakt-demo3.blogspot.com/p/typography_1.html]
[img1.blogblog.com/img/blank.gif]
[brakt-demo3.blogspot.com/Version/index.html]
[brakt-demo3.blogspot.com/version/index-2.html]
[www.blogger.com/static/v1/widgets/3672613597-widgets.js]
[brakt-demo3.blogspot.com/index.html]
[www.blogger.com/img/widgets/stats-flipper.png]
[resources.blogblog.com/img/widgets/s_top.png]
[www.blogger.com/static/v1/widgets/3416767676-css_bundle_v2.css]
[netdna.bootstrapcdn.com/font-awesome/4.7.0/css/font-awesome.css]
[brakt-demo3.blogspot.com/s72-c/index.html]
[brakt-demo3.blogspot.com/default.html]
[brakt-demo3.blogspot.com/hqdefault.html]
[www.blogger.com/dyn-css/authorization3b0f.css]
[brakt-demo3.blogspot.com/404.html]
[brakt-demo3.blogspot.com/2016/11/woman-on-rock-platform-viewing-city.html]
[brakt-demo3.blogspot.com/search/label/mega/index.html]
[1.bp.blogspot.com/-iJfh9TD6xaA/WDcnuYNK7hI/AAAAAAAAATg/Okb2JqXVf6MKYYhvo6b7ARSKNlZ3KN2uACLcB/s1600/pexels-photo-196667.jpeg]
[brakt-demo3.blogspot.com/2016/11/woman-wearing-gray-long-sleeve-shirt.html]
[1.bp.blogspot.com/-OeN7zzICo6w/WDchuR6uPkI/AAAAAAAAAS0/nZvC7VjuaiofAnp6L4WOkRuY7MAwYETTACLcB/s1600/pexels-photo-198910.jpeg]
[brakt-demo3.blogspot.com/search/label/Travel748f.html]
[brakt-demo3.blogspot.com/search/label/default.html]
[brakt-demo3.blogspot.com/search/label/Version/index.html]
[brakt-demo3.blogspot.com/search/label/version/index-2.html]
[brakt-demo3.blogspot.com/search/label/mqdefault.html]
[www.blogger.com/static/v1/widgets/2473628150-widgets.js]
[brakt-demo3.blogspot.com/search/label/Travel.html]
[brakt-demo3.blogspot.com/2016/11/girl-standing-on-green-and-brown-grass.html]
[4.bp.blogspot.com/-d0r59SVT2n4/WDcPh-a4REI/AAAAAAAAASk/kly_keyqkPIe_TwulQyBz7XX0maZEBhtwCLcB/s1600/pexels-photo-201510.jpeg]
[brakt-demo3.blogspot.com/2016/11/sitting-woman-wearing-vhecked-shirt-on.html]
[4.bp.blogspot.com/-UMR-HkbhYrs/WDcOJKlee9I/AAAAAAAAASY/aSINm-JRzzk6QpAWNxfvg1vn6eHnDMLCwCLcB/s1600/pexels-photo-67475.jpeg]
[brakt-demo3.blogspot.com/2016/11/eget-nonummy-sollicitudin-scelerisque.html]
[3.bp.blogspot.com/-Vu6krrIrQZs/WDcIrEh6DPI/AAAAAAAAARw/KrHxuarE4rcJZY9JfyVQ0Xs8vfMXMaOEgCLcB/s1600/photo-1479249849676-c7b3cb407acc.jpg]
[brakt-demo3.blogspot.com/2016/11/seitan-high-life-reprehenderit.html]
[1.bp.blogspot.com/-uA3v8UyxHog/WDcHvuXsrqI/AAAAAAAAARo/MCYI7tccuhYF42r_hFrPRJmxyGwrApmgwCLcB/s1600/photo-1479569057788-b5a81cf434a5.jpg]
[brakt-demo3.blogspot.com/search/label/life style.html]
[brakt-demo3.blogspot.com/2016/11/index.html]
[brakt-demo3.blogspot.com/2016/11/man-relaxing-and-play-guitar-front-lake.html]
[3.bp.blogspot.com/-tg8Ir4SQoLQ/WDcmSAcuShI/AAAAAAAAATQ/e0vs6EFhCwsd1zqtWgKABwZ8yRink0X0QCLcB/s1600/landscape-nature-man-person.jpg]
[brakt-demo3.blogspot.com/2016/11/man-wearing-black-and-red-checkered.html]
[2.bp.blogspot.com/-AdsRPoYllws/WDclVtPhG6I/AAAAAAAAATI/Huq7GZgOsaIRhzAEIyUl9iw9XskQY5xAACLcB/s1600/pexels-photo-69212.jpeg]
[brakt-demo3.blogspot.com/2016/11/man-wearing-sweater-holding-pine-cone.html]
[4.bp.blogspot.com/-f3H1yweBacQ/WDckIYekLgI/AAAAAAAAAS8/Dn49wubMzqYoKbLr4hYzHyIy32bYJZxwgCLcB/s1600/pexels-photo-201706.jpeg]
[brakt-demo3.blogspot.com/2016/11/color-pencil-set.html]
[1.bp.blogspot.com/-ZYCD1rqgnGs/WDcMY5znodI/AAAAAAAAASM/2grwGzWZPo085dVIPiJfMF7QUoR-4Z05QCLcB/s1600/pexels-photo-194098.jpeg]
[brakt-demo3.blogspot.com/2016/11/full-width-post.html]
[3.bp.blogspot.com/-eNc1IwQH4uo/WDcpZYa4_VI/AAAAAAAAATo/Y-H0v7eLIJcpUinirhKlaWfrQq-PK1lQgCLcB/s1600/mountains-nature-man-person.jpg]
[brakt-demo3.blogspot.com/2016_11_01_archive.html]
[2.bp.blogspot.com/-oLlwNnlG3e0/WDct1ijnt1I/AAAAAAAAAT4/Z87Ta8RblsoV1DtniazmKVcpWHSsVOYewCLcB/s1600/man-people-office-writing.jpg]
[brakt-demo3.blogspot.com/p/mega/index.html]
[2.bp.blogspot.com/-fQv6S-rfsgw/WDb-Lun8N1I/AAAAAAAAARU/Mc1fbim2tdcIfBbP_vcXQU3rzTXtUbTmgCLcB/s1600/unnamed (5).jpg]
[2.bp.blogspot.com/-fQv6S-rfsgw/WDb-Lun8N1I/AAAAAAAAARU/Mc1fbim2tdcIfBbP_vcXQU3rzTXtUbTmgCLcB/s200/unnamed (5).jpg]
[www.blogger.com/static/v1/jsbin/3858658042-comment_from_post_iframe.js]
[brakt-demo3.blogspot.com/p/Version/index.html]
[brakt-demo3.blogspot.com/p/default.5a.delayed]
[brakt-demo3.blogspot.com/p/version/index-2.html]
[brakt-demo3.blogspot.com/p/mqdefault.5b.delayed]
[brakt-demo3.blogspot.com/p/simple-page.html]
[4.bp.blogspot.com/-NswYpYXEMjk/WDcscqcvHTI/AAAAAAAAATw/QVfw0zfsa8wimloUj-cq9QJd-tcwnD16wCLcB/s1600/pexels-photo-27682.jpg]
[brakt-demo3.blogspot.com/p/full-width-page.html]
[brakt-demo3.blogspot.com/p/typography.html]
[brakt-demo3.blogspot.com/p/shortcodes.html]
[brakt-demo3.blogspot.com/mega/index.html]
[brakt-demo3.blogspot.com/search/label/index.html]
[brakt-demo3.blogspot.com/mqdefault.html]
[brakt-demo3.blogspot.com/search.html]
[brakt-demo3.blogspot.com/feeds/4629160993401218003/comments/default]
[resources.blogblog.com/img/blank.gif]
[brakt-demo3.blogspot.com/2016/11/mega/index.html]
[brakt-demo3.blogspot.com/2016/11/person-wearing-black-hoodie-sitting-on7877.html]
[brakt-demo3.blogspot.com/2016/11/person-wearing-black-hoodie-sitting-on4d62.html]
[brakt-demo3.blogspot.com/2016/11/person-wearing-black-hoodie-sitting-on6fd1.html]
[www.blogger.com/img/blogger_logo_round_35.png]
[brakt-demo3.blogspot.com/2016/11/person-wearing-black-hoodie-sitting-on92a0.html]
[brakt-demo3.blogspot.com/2016/11/person-wearing-black-hoodie-sitting-on8e41.html]
[brakt-demo3.blogspot.com/2016/11/default.66.delayed]
[brakt-demo3.blogspot.com/2016/11/Version/index.html]
[brakt-demo3.blogspot.com/2016/11/version/index-2.html]
[brakt-demo3.blogspot.com/2016/11/mqdefault.67.delayed]
[brakt-demo3.blogspot.com/2016/11/person-wearing-black-hoodie-sitting-on.html]
[brakt-demo3.blogspot.com/search/label/Men.html]
[brakt-demo3.blogspot.com/search/label/Men1129.html]
[brakt-demo3.blogspot.com/feeds/9161257440912881611/comments/default]
[platform.twitter.com/widgets.js]
[brakt-demo3.blogspot.com/2016/11/woman-with-black-textil-and-green-eyes26d3.html]
[brakt-demo3.blogspot.com/2016/11/woman-with-black-textil-and-green-eyesb0dc.html]
[brakt-demo3.blogspot.com/2016/11/woman-with-black-textil-and-green-eyes7d01.html]
[brakt-demo3.blogspot.com/2016/11/woman-with-black-textil-and-green-eyesb6a4.html]
[brakt-demo3.blogspot.com/2016/11/woman-with-black-textil-and-green-eyesb31e.html]
[brakt-demo3.blogspot.com/2016/11/woman-with-black-textil-and-green-eyeseca9.html]
[brakt-demo3.blogspot.com/2016/11/woman-with-black-textil-and-green-eyes051b.html]
[1.bp.blogspot.com/-YfH4miSXO_Y/WUHoHlaP72I/AAAAAAAAAWo/oj0WwogL6PcygmJ7GaEG4Zue6rZ3mEwAwCK4BGAYYCw/s35/480by480.png]
[brakt-demo3.blogspot.com/2016/11/woman-with-black-textil-and-green-eyesf961.html]
[1.bp.blogspot.com/-EOPTHgCd5Tc/XYn0V36GrzI/AAAAAAAABb8/pAeY0v-v9Xsi06_bnUn-Or5OEYVq0t3DwCK4BGAYYCw/s35/mixtheme-logo.png]
[brakt-demo3.blogspot.com/2016/11/woman-with-black-textil-and-green-eyes912b.html]
[brakt-demo3.blogspot.com/2016/11/woman-with-black-textil-and-green-eyes8974.html]
[brakt-demo3.blogspot.com/2016/11/woman-with-black-textil-and-green-eyes1451.html]
[brakt-demo3.blogspot.com/2016/11/woman-with-black-textil-and-green-eyes.html]
[brakt-demo3.blogspot.com/2016/11/woman-with-black-textil-and-green-eyes41ba.html]
[brakt-demo3.blogspot.com/search/label/Art.html]
[brakt-demo3.blogspot.com/search/label/Art60dd.html]
[brakt-demo3.blogspot.com/feeds/2072825099592214075/comments/default]
[brakt-demo3.blogspot.com/2016/11/green-leaf-plant-on-brown-wooden-stump42a2.html]
[brakt-demo3.blogspot.com/2016/11/green-leaf-plant-on-brown-wooden-stump2013.html]
[brakt-demo3.blogspot.com/2016/11/green-leaf-plant-on-brown-wooden-stump2a31.html]
[brakt-demo3.blogspot.com/2016/11/green-leaf-plant-on-brown-wooden-stump.html]
[brakt-demo3.blogspot.com/2016/11/green-leaf-plant-on-brown-wooden-stump1f3b.html]
[brakt-demo3.blogspot.com/search/label/Nature.html]
[brakt-demo3.blogspot.com/search/label/Nature1fdb.html]
[brakt-demo3.blogspot.com/feeds/1993680979056286041/comments/default]
[brakt-demo3.blogspot.com/2016/11/man-wearing-brown-crew-neck-t-shirt.html]
[brakt-demo3.blogspot.com/feeds/3050219688315526870/comments/default]
[brakt-demo3.blogspot.com/2016/11/amazing-breakfast-in-morning.html]
[brakt-demo3.blogspot.com/search/label/Food.html]
[brakt-demo3.blogspot.com/search/label/Food1fdb.html]
[brakt-demo3.blogspot.com/feeds/5794409261648539716/comments/default]
[www.instagram.com/static/bundles/metro/EmbedSDK.js/55a0aa33cf46.js]
[brakt-demo3.blogspot.com/2016/11/person-wearing-yellow-hoodie-jacket99ce.html]
[brakt-demo3.blogspot.com/2016/11/person-wearing-yellow-hoodie-jacket.html]
[brakt-demo3.blogspot.com/2016/11/person-wearing-yellow-hoodie-jacket852b.html]
[brakt-demo3.blogspot.com/feeds/7125517421127667046/comments/default]
[brakt-demo3.blogspot.com/2016/11/half-sliced-kiwi-beside-half-sliced.html]
[brakt-demo3.blogspot.com/feeds/7723750546733560505/comments/default]
[3.bp.blogspot.com/-xk6b9-HfhvE/X9qAgcs1eVI/AAAAAAAAGM0/8X0BWDRq0NcdlfXkK6DhXufjac9wjIUTwCK4BGAYYCw/s35/Logo.png]
[brakt-demo3.blogspot.com/2016/11/portrait-of-young-woman-with-umbrella.html]
[brakt-demo3.blogspot.com/2016/11/portrait-of-young-woman-with-umbrella8b33.html]
[brakt-demo3.blogspot.com/search/label/Girls.html]
[brakt-demo3.blogspot.com/search/label/Girls748f.html]
[brakt-demo3.blogspot.com/searchae33.html]
[brakt-demo3.blogspot.com/p/shortcodes_1.html]
[brakt-demo3.blogspot.com/p/typography_1.html]
[brakt-demo3.blogspot.com/Version/index.html]
[brakt-demo3.blogspot.com/version/index-2.html]
[draft.blogger.com/dyn-css/authorization3b0f.css]
[brakt-demo3.blogspot.com/searchd6bf.html]
[brakt-demo3.blogspot.com/search/label/mega.html]
[brakt-demo3.blogspot.com/search/label/mega/mega/index.html]
[brakt-demo3.blogspot.com/search/label/mega/default.91.delayed]
[brakt-demo3.blogspot.com/search/label/mega/Version/index.html]
[brakt-demo3.blogspot.com/search/label/mega/version/index-2.html]
[brakt-demo3.blogspot.com/search/label/mega/mqdefault.92.delayed]
[brakt-demo3.blogspot.com/search/label/mega/index.html]
[brakt-demo3.blogspot.com/feeds/5453597164091880370/comments/default]
[brakt-demo3.blogspot.com/2016/11/woman-on-rock-platform-viewing-city.html]
[brakt-demo3.blogspot.com/feeds/8029288069323720811/comments/default]
[brakt-demo3.blogspot.com/2016/11/woman-wearing-gray-long-sleeve-shirt.html]
[brakt-demo3.blogspot.com/search/label/Travel748f.html]
[brakt-demo3.blogspot.com/search/label/Version.html]
[brakt-demo3.blogspot.com/search/label/Version/mega/index.html]
[brakt-demo3.blogspot.com/search/label/Version/Version/index.html]
[brakt-demo3.blogspot.com/search/label/Version/default.96.delayed]
[brakt-demo3.blogspot.com/search/label/Version/version/index-2.html]
[brakt-demo3.blogspot.com/search/label/Version/mqdefault.97.delayed]
[brakt-demo3.blogspot.com/search/label/Version/index.html]
[brakt-demo3.blogspot.com/search/label/version-2.html]
[brakt-demo3.blogspot.com/search/label/version/mega/index-2.html]
[brakt-demo3.blogspot.com/search/label/version/version/index-4.html]
[brakt-demo3.blogspot.com/search/label/version/Version/index-3.html]
[brakt-demo3.blogspot.com/search/label/version/default.99.delayed]
[brakt-demo3.blogspot.com/search/label/version/mqdefault.9a.delayed]
[brakt-demo3.blogspot.com/search/label/version/index-2.html]
[brakt-demo3.blogspot.com/search/label/default.html]
[brakt-demo3.blogspot.com/search/label/mqdefault.html]
[brakt-demo3.blogspot.com/feeds/8689802300487598433/comments/default]
[brakt-demo3.blogspot.com/2016/11/girl-standing-on-green-and-brown-grass.html]
[brakt-demo3.blogspot.com/feeds/4035877860443477620/comments/default]
[brakt-demo3.blogspot.com/2016/11/sitting-woman-wearing-vhecked-shirt-on.html]
[brakt-demo3.blogspot.com/feeds/1198987984176058483/comments/default]
[brakt-demo3.blogspot.com/2016/11/eget-nonummy-sollicitudin-scelerisque.html]
[brakt-demo3.blogspot.com/2016/11/eget-nonummy-sollicitudin-scelerisquecd73.html]
[brakt-demo3.blogspot.com/feeds/2785834638625951654/comments/default]
[brakt-demo3.blogspot.com/2016/11/seitan-high-life-reprehenderit.html]
[brakt-demo3.blogspot.com/2016/11/index.html]
[brakt-demo3.blogspot.com/feeds/1856678701420486541/comments/default]
[brakt-demo3.blogspot.com/2016/11/man-relaxing-and-play-guitar-front-lake.html]
[brakt-demo3.blogspot.com/feeds/2569869488290605210/comments/default]
[brakt-demo3.blogspot.com/2016/11/man-wearing-black-and-red-checkered.html]
[brakt-demo3.blogspot.com/feeds/5254798757428074864/comments/default]
[brakt-demo3.blogspot.com/2016/11/man-wearing-sweater-holding-pine-cone.html]
[brakt-demo3.blogspot.com/feeds/4754096351188632676/comments/default]
[brakt-demo3.blogspot.com/2016/11/color-pencil-set.html]
[brakt-demo3.blogspot.com/feeds/30529350177809369/comments/default]
[brakt-demo3.blogspot.com/2016/11/full-width-post.html]
[brakt-demo3.blogspot.com/p/mega/index.html]
[brakt-demo3.blogspot.com/p/Version/index.html]
[brakt-demo3.blogspot.com/p/version/index-2.html]
[brakt-demo3.blogspot.com/p/default.html]
[brakt-demo3.blogspot.com/p/mqdefault.html]
[brakt-demo3.blogspot.com/2016/11/full-width-postfe6f.html]
[brakt-demo3.blogspot.com/search.html]
[brakt-demo3.blogspot.com/2016/11/mega/index.html]
[brakt-demo3.blogspot.com/2016/11/person-wearing-black-hoodie-sitting-on7877.html]
[brakt-demo3.blogspot.com/2016/11/person-wearing-black-hoodie-sitting-on4d62.html]
[brakt-demo3.blogspot.com/2016/11/person-wearing-black-hoodie-sitting-on6fd1.html]
[brakt-demo3.blogspot.com/2016/11/person-wearing-black-hoodie-sitting-on92a0.html]
[brakt-demo3.blogspot.com/2016/11/person-wearing-black-hoodie-sitting-on8e41.html]
[brakt-demo3.blogspot.com/2016/11/Version/index.html]
[brakt-demo3.blogspot.com/2016/11/version/index-2.html]
[brakt-demo3.blogspot.com/2016/11/default.html]
[brakt-demo3.blogspot.com/2016/11/mqdefault.html]
[brakt-demo3.blogspot.com/search/label/Men1129.html]
[brakt-demo3.blogspot.com/2016/11/woman-with-black-textil-and-green-eyes26d3.html]
[brakt-demo3.blogspot.com/2016/11/woman-with-black-textil-and-green-eyesb0dc.html]
[brakt-demo3.blogspot.com/2016/11/woman-with-black-textil-and-green-eyes7d01.html]
[brakt-demo3.blogspot.com/2016/11/woman-with-black-textil-and-green-eyesb6a4.html]
[brakt-demo3.blogspot.com/2016/11/woman-with-black-textil-and-green-eyesb31e.html]
[brakt-demo3.blogspot.com/2016/11/woman-with-black-textil-and-green-eyeseca9.html]
[brakt-demo3.blogspot.com/2016/11/woman-with-black-textil-and-green-eyes051b.html]
[www.google.com/js/bg/3X5YOSWnHBU275ytR1mxCAsHvrYj8XW_wgBuCPq4DdU.js]
[brakt-demo3.blogspot.com/b/csia9af.js]
[brakt-demo3.blogspot.com/2016/11/woman-with-black-textil-and-green-eyesf961.html]
[brakt-demo3.blogspot.com/2016/11/woman-with-black-textil-and-green-eyes912b.html]
[brakt-demo3.blogspot.com/2016/11/woman-with-black-textil-and-green-eyes8974.html]
[brakt-demo3.blogspot.com/2016/11/woman-with-black-textil-and-green-eyes1451.html]
[brakt-demo3.blogspot.com/2016/11/woman-with-black-textil-and-green-eyes41ba.html]
[brakt-demo3.blogspot.com/search/label/Art60dd.html]
[brakt-demo3.blogspot.com/2016/11/green-leaf-plant-on-brown-wooden-stump42a2.html]
[brakt-demo3.blogspot.com/2016/11/green-leaf-plant-on-brown-wooden-stump2013.html]
[brakt-demo3.blogspot.com/2016/11/green-leaf-plant-on-brown-wooden-stump2a31.html]
[brakt-demo3.blogspot.com/2016/11/green-leaf-plant-on-brown-wooden-stump1f3b.html]
[brakt-demo3.blogspot.com/search/label/Nature1fdb.html]
[brakt-demo3.blogspot.com/search/label/Food1fdb.html]
[brakt-demo3.blogspot.com/2016/11/person-wearing-yellow-hoodie-jacket99ce.html]
[brakt-demo3.blogspot.com/2016/11/person-wearing-yellow-hoodie-jacket852b.html]
[brakt-demo3.blogspot.com/2016/11/portrait-of-young-woman-with-umbrella8b33.html]
[brakt-demo3.blogspot.com/search/label/Girls748f.html]
[brakt-demo3.blogspot.com/search2c37.html]
[brakt-demo3.blogspot.com/searchd6bf.html]
[brakt-demo3.blogspot.com/search/label/mega.html]
[brakt-demo3.blogspot.com/search/label/mega/mega/index.html]
[brakt-demo3.blogspot.com/search/label/mega/Version/index.html]
[brakt-demo3.blogspot.com/search/label/mega/version/index-2.html]
[brakt-demo3.blogspot.com/search/label/mega/default.html]
[brakt-demo3.blogspot.com/search/label/mega/mqdefault.html]
[brakt-demo3.blogspot.com/search/label/Version.html]
[brakt-demo3.blogspot.com/search/label/Version/mega/index.html]
[brakt-demo3.blogspot.com/search/label/Version/Version/index.html]
[brakt-demo3.blogspot.com/search/label/Version/version/index-2.html]
[brakt-demo3.blogspot.com/search/label/Version/default.html]
[brakt-demo3.blogspot.com/search/label/Version/mqdefault.html]
[brakt-demo3.blogspot.com/search/label/version-2.html]
[brakt-demo3.blogspot.com/search/label/version/mega/index-2.html]
[brakt-demo3.blogspot.com/search/label/version/Version/index-3.html]
[brakt-demo3.blogspot.com/search/label/version/version/index-4.html]
[brakt-demo3.blogspot.com/search/label/version/default-2.html]
[brakt-demo3.blogspot.com/search/label/version/mqdefault-2.html]
[brakt-demo3.blogspot.com/2016/11/eget-nonummy-sollicitudin-scelerisquecd73.html]
[brakt-demo3.blogspot.com/2016/11/full-width-postfe6f.html]
[brakt-demo3.blogspot.com/search2c37.html]
[brakt-demo3.blogspot.com/search495b.html]
[brakt-demo3.blogspot.com/search495b.html]
